// Jest Snapshot v1, https://goo.gl/fbAQLP

exports[`Testing ToDoList Component should display to ToDo List Component 1`] = `
<div
  className="container"
>
  <div>
    <table
      className="table"
    >
      <thead>
        <tr>
          <th
            className="thead"
          >
            Status
          </th>
          <th
            className="thead"
          >
            Title
          </th>
          <th
            className="thead"
          >
            Created At
          </th>
          <th
            className="thead"
          >
            Task Status
          </th>
          <th
            className="thead"
          >
            Options
          </th>
        </tr>
      </thead>
      <tbody>
        <tr>
          <td
            className="taskHeader"
          >
            Pending Tasks
          </td>
        </tr>
        <tr
          className="taskTR_pending"
          id="taskTR_pending_1"
          key="0"
        >
          <td>
            <input
              checked={false}
              className="ToDo__checkbox"
              id="checkbox_1"
              name="input_1"
              onChange={[Function]}
              type="checkbox"
              value="Hello World 1"
            />
          </td>
          <td
            className=""
          >
            Hello World 1
          </td>
          <td
            className=""
          >
            01/05/2022
          </td>
          <td
            className=""
          >
            PENDING
          </td>
          <td>
            <div
              className="options"
            >
              <FiEdit
                className="ToDo__update"
                id="editBtn_1"
                onClick={[Function]}
              >
                <span
                  className="tooltiptext"
                >
                  Edit
                </span>
              </FiEdit>
              <AiFillDelete
                className="ToDo__delete"
                id="removeBtn_1"
                onClick={[Function]}
              />
            </div>
          </td>
        </tr>
        <tr
          className="taskTR_pending"
          id="taskTR_pending_2"
          key="1"
        >
          <td>
            <input
              checked={false}
              className="ToDo__checkbox"
              id="checkbox_2"
              name="input_2"
              onChange={[Function]}
              type="checkbox"
              value="Hello World 2"
            />
          </td>
          <td
            className=""
          >
            Hello World 2
          </td>
          <td
            className=""
          >
            01/05/2022
          </td>
          <td
            className=""
          >
            PENDING
          </td>
          <td>
            <div
              className="options"
            >
              <FiEdit
                className="ToDo__update"
                id="editBtn_2"
                onClick={[Function]}
              >
                <span
                  className="tooltiptext"
                >
                  Edit
                </span>
              </FiEdit>
              <AiFillDelete
                className="ToDo__delete"
                id="removeBtn_2"
                onClick={[Function]}
              />
            </div>
          </td>
        </tr>
        <tr>
          <td
            className="taskHeader"
          >
            Completed Tasks
          </td>
        </tr>
        <tr
          className="noDataDiv"
        >
          <td>
            -
          </td>
        </tr>
      </tbody>
    </table>
  </div>
</div>
`;
